
> gateway@1.0.0 dev
> tsx watch src/server.ts

API Gateway listening on port 4000 (development)
12:47:49 AM [tsx] change in ./src/server.ts Restarting...
12:47:54 AM [tsx] Process didn't exit in 5s. Force killing...
12:56:18 AM [tsx] change in ./../shared/internal-auth/dist/index.js Process hasn't exited. Killing process...
2:14:17 AM [tsx] change in ./../shared/internal-auth/dist/index.js Process hasn't exited. Killing process...
11:03:27 AM [tsx] change in ./../shared/internal-auth/dist/index.js Process hasn't exited. Killing process...
11:56:50 AM [tsx] change in ./../shared/internal-auth/dist/index.js Process hasn't exited. Killing process...
12:16:09 PM [tsx] change in ./../shared/internal-auth/dist/index.js Process hasn't exited. Killing process...
2:12:48 PM [tsx] change in ./../shared/internal-auth/dist/index.js Process hasn't exited. Killing process...
3:08:08 PM [tsx] change in ./../shared/internal-auth/dist/index.js Process hasn't exited. Killing process...
4:10:16 PM [tsx] change in ./../shared/internal-auth/dist/index.js Process hasn't exited. Killing process...
4:16:13 PM [tsx] change in ./../shared/internal-auth/dist/index.js Process hasn't exited. Killing process...
4:54:36 PM [tsx] change in ./../shared/internal-auth/dist/index.js Process hasn't exited. Killing process...
5:00:47 PM [tsx] change in ./../shared/internal-auth/dist/index.js Process hasn't exited. Killing process...
8:53:21 PM [tsx] change in ./src/server.ts Process hasn't exited. Killing process...
8:53:26 PM [tsx] change in ./src/server.ts Process hasn't exited. Killing process...
2:16:03 PM [tsx] change in ./../shared/internal-auth/dist/index.js Process hasn't exited. Killing process...
5:00:58 PM [tsx] change in ./../shared/internal-auth/dist/index.js Process hasn't exited. Killing process...
5:42:04 PM [tsx] change in ./../shared/internal-auth/dist/index.js Process hasn't exited. Killing process...
12:21:33 AM [tsx] change in ./../shared/internal-auth/dist/index.js Process hasn't exited. Killing process...
12:23:15 AM [tsx] change in ./src/server.ts Process hasn't exited. Killing process...
8:45:06 AM [tsx] change in ./../shared/internal-auth/dist/index.js Process hasn't exited. Killing process...
red/internal-auth/dist/index.js Rerunning...
cAPI Gateway listening on port 4000 (development)
4:10:16 PM [tsx] change in ./../shared/internal-auth/dist/index.js Process hasn't exited. Killing process...
4:10:16 PM [tsx] change in ./../shared/internal-auth/dist/index.js Rerunning...
cAPI Gateway listening on port 4000 (development)
4:16:13 PM [tsx] change in ./../shared/internal-auth/dist/index.js Process hasn't exited. Killing process...
4:16:13 PM [tsx] change in ./../shared/internal-auth/dist/index.js Rerunning...
cAPI Gateway listening on port 4000 (development)
4:54:36 PM [tsx] change in ./../shared/internal-auth/dist/index.js Rerunning...
c4:54:36 PM [tsx] change in ./../shared/internal-auth/dist/index.js Process hasn't exited. Killing process...
API Gateway listening on port 4000 (development)
5:00:47 PM [tsx] change in ./../shared/internal-auth/dist/index.js Process hasn't exited. Killing process...
5:00:47 PM [tsx] change in ./../shared/internal-auth/dist/index.js Rerunning...
cAPI Gateway listening on port 4000 (development)
8:53:21 PM [tsx] change in ./src/server.ts Process hasn't exited. Killing process...
8:53:21 PM [tsx] change in ./src/server.ts Rerunning...
c/Users/Harish.Muleva/personal/els-ai/backend/gateway/src/server.ts:40
app.use('/media', express.static(ASSETS_DIR));
                                 ^


ReferenceError: ASSETS_DIR is not defined
    at <anonymous> (/Users/Harish.Muleva/personal/els-ai/backend/gateway/src/server.ts:40:34)
    at ModuleJob.run (node:internal/modules/esm/module_job:263:25)
    at async ModuleLoader.import (node:internal/modules/esm/loader:540:24)
    at async asyncRunEntryPointWithESMLoader (node:internal/modules/run_main:117:5)

Node.js v20.19.4
8:53:26 PM [tsx] change in ./src/server.ts Process hasn't exited. Killing process...
8:53:26 PM [tsx] change in ./src/server.ts Rerunning...
cAPI Gateway listening on port 4000 (development)
2:16:03 PM [tsx] change in ./../shared/internal-auth/dist/index.js Rerunning...
c2:16:03 PM [tsx] change in ./../shared/internal-auth/dist/index.js Process hasn't exited. Killing process...
API Gateway listening on port 4000 (development)
5:00:58 PM [tsx] change in ./../shared/internal-auth/dist/index.js Process hasn't exited. Killing process...
5:00:58 PM [tsx] change in ./../shared/internal-auth/dist/index.js Rerunning...
cAPI Gateway listening on port 4000 (development)
5:42:04 PM [tsx] change in ./../shared/internal-auth/dist/index.js Rerunning...
c5:42:04 PM [tsx] change in ./../shared/internal-auth/dist/index.js Process hasn't exited. Killing process...
API Gateway listening on port 4000 (development)
npm error Lifecycle script `dev` failed with error:
npm error code 15
npm error path /Users/Harish.Muleva/personal/els-ai/backend/gateway
npm error workspace gateway@1.0.0
npm error location /Users/Harish.Muleva/personal/els-ai/backend/gateway
npm error command failed
npm error command sh -c tsx watch src/server.ts

> gateway@1.0.0 dev
> tsx watch src/server.ts

API Gateway listening on port 4000 (development)

> gateway@1.0.0 dev
> tsx watch src/server.ts

API Gateway listening on port 4000 (development)
(node:48080) MaxListenersExceededWarning: Possible EventEmitter memory leak detected. 11 close listeners added to [Server]. MaxListeners is 10. Use emitter.setMaxListeners() to increase limit
(Use `node --trace-warnings ...` to show where the warning was created)
12:21:33 AM [tsx] change in ./../shared/internal-auth/dist/index.js Process hasn't exited. Killing process...
12:21:33 AM [tsx] change in ./../shared/internal-auth/dist/index.js Restarting...
cAPI Gateway listening on port 4000 (development)
12:23:15 AM [tsx] change in ./src/server.ts Restarting...
12:23:15 AM [tsx] change in ./src/server.ts Process hasn't exited. Killing process...
cAPI Gateway listening on port 4000 (development)
(node:52212) MaxListenersExceededWarning: Possible EventEmitter memory leak detected. 11 close listeners added to [Server]. MaxListeners is 10. Use emitter.setMaxListeners() to increase limit
(Use `node --trace-warnings ...` to show where the warning was created)
8:45:06 AM [tsx] change in ./../shared/internal-auth/dist/index.js Restarting...
8:45:06 AM [tsx] change in ./../shared/internal-auth/dist/index.js Process hasn't exited. Killing process...
cAPI Gateway listening on port 4000 (development)

> gateway@1.0.0 dev
> tsx watch src/server.ts

API Gateway listening on port 4000 (development)

> gateway@1.0.0 dev
> tsx watch src/server.ts

API Gateway listening on port 4000 (development)
(node:72226) MaxListenersExceededWarning: Possible EventEmitter memory leak detected. 11 close listeners added to [Server]. MaxListeners is 10. Use emitter.setMaxListeners() to increase limit
(Use `node --trace-warnings ...` to show where the warning was created)
npm error Lifecycle script `dev` failed with error:
npm error code 143
npm error path /Users/Harish.Muleva/personal/els-ai/backend/gateway
npm error workspace gateway@1.0.0
npm error location /Users/Harish.Muleva/personal/els-ai/backend/gateway
npm error command failed
npm error command sh -c tsx watch src/server.ts

> gateway@1.0.0 dev
> tsx watch src/server.ts

API Gateway listening on port 4000 (development)
6:01:55 PM [tsx] change in ./../shared/internal-auth/dist/index.js Rerunning...
cAPI Gateway listening on port 4000 (development)
6:22:19 PM [tsx] change in ./../shared/internal-auth/dist/index.js Rerunning...
cAPI Gateway listening on port 4000 (development)
6:37:55 PM [tsx] change in ./../shared/internal-auth/dist/index.js Rerunning...
cAPI Gateway listening on port 4000 (development)
6:57:48 PM [tsx] change in ./../shared/internal-auth/dist/index.js Rerunning...
cAPI Gateway listening on port 4000 (development)
7:24:01 PM [tsx] change in ./../shared/internal-auth/dist/index.js Rerunning...
cAPI Gateway listening on port 4000 (development)
12:11:32 AM [tsx] change in ./src/server.ts Rerunning...
cAPI Gateway listening on port 4000 (development)
12:17:33 AM [tsx] change in ./src/server.ts Rerunning...
cAPI Gateway listening on port 4000 (development)
